app/(public)/compare/brief/page.tsx(26,31): error TS2769: No overload matches this call.
  Overload 1 of 2, '(action: (state: { error: string; }) => { error: string; } | Promise<{ error: string; }>, initialState: { error: string; }, permalink?: string | undefined): [state: { error: string; }, dispatch: () => void, isPending: boolean]', gave the following error.
    Argument of type '(prevState: any, formData: FormData) => Promise<{ error: string; }>' is not assignable to parameter of type '(state: { error: string; }) => { error: string; } | Promise<{ error: string; }>'.
      Target signature provides too few arguments. Expected 2 or more, but got 1.
  Overload 2 of 2, '(action: (state: { error: string; }, payload: FormData) => { error: string; } | Promise<{ error: string; }>, initialState: { error: string; }, permalink?: string | undefined): [state: ...]', gave the following error.
    Type 'null' is not assignable to type 'string'.
